---
source: crates/ndc-cockroach/tests/schema_tests.rs
expression: result
---
{
  "scalar_types": {
    "Boolean": {
      "aggregate_functions": {
        "bool_and": {
          "result_type": {
            "type": "named",
            "name": "Boolean"
          }
        },
        "bool_or": {
          "result_type": {
            "type": "named",
            "name": "Boolean"
          }
        },
        "every": {
          "result_type": {
            "type": "named",
            "name": "Boolean"
          }
        }
      },
      "comparison_operators": {},
      "update_operators": {}
    },
    "Float": {
      "aggregate_functions": {
        "avg": {
          "result_type": {
            "type": "named",
            "name": "Float"
          }
        },
        "cume_dist": {
          "result_type": {
            "type": "named",
            "name": "Float"
          }
        },
        "max": {
          "result_type": {
            "type": "named",
            "name": "Float"
          }
        },
        "min": {
          "result_type": {
            "type": "named",
            "name": "Float"
          }
        },
        "percent_rank": {
          "result_type": {
            "type": "named",
            "name": "Float"
          }
        },
        "stddev": {
          "result_type": {
            "type": "named",
            "name": "Float"
          }
        },
        "stddev_pop": {
          "result_type": {
            "type": "named",
            "name": "Float"
          }
        },
        "stddev_samp": {
          "result_type": {
            "type": "named",
            "name": "Float"
          }
        },
        "sum": {
          "result_type": {
            "type": "named",
            "name": "Float"
          }
        },
        "var_pop": {
          "result_type": {
            "type": "named",
            "name": "Float"
          }
        },
        "var_samp": {
          "result_type": {
            "type": "named",
            "name": "Float"
          }
        },
        "variance": {
          "result_type": {
            "type": "named",
            "name": "Float"
          }
        }
      },
      "comparison_operators": {},
      "update_operators": {}
    },
    "Int": {
      "aggregate_functions": {
        "bit_and": {
          "result_type": {
            "type": "named",
            "name": "Int"
          }
        },
        "bit_or": {
          "result_type": {
            "type": "named",
            "name": "Int"
          }
        },
        "bit_xor": {
          "result_type": {
            "type": "named",
            "name": "Int"
          }
        },
        "count": {
          "result_type": {
            "type": "named",
            "name": "Int"
          }
        },
        "dense_rank": {
          "result_type": {
            "type": "named",
            "name": "Int"
          }
        },
        "max": {
          "result_type": {
            "type": "named",
            "name": "Int"
          }
        },
        "min": {
          "result_type": {
            "type": "named",
            "name": "Int"
          }
        },
        "ntile": {
          "result_type": {
            "type": "named",
            "name": "Int"
          }
        },
        "rank": {
          "result_type": {
            "type": "named",
            "name": "Int"
          }
        },
        "sum": {
          "result_type": {
            "type": "named",
            "name": "Int"
          }
        }
      },
      "comparison_operators": {},
      "update_operators": {}
    },
    "String": {
      "aggregate_functions": {
        "max": {
          "result_type": {
            "type": "named",
            "name": "String"
          }
        },
        "min": {
          "result_type": {
            "type": "named",
            "name": "String"
          }
        }
      },
      "comparison_operators": {},
      "update_operators": {}
    },
    "any": {
      "aggregate_functions": {},
      "comparison_operators": {},
      "update_operators": {}
    }
  },
  "object_types": {
    "Album": {
      "fields": {
        "AlbumId": {
          "arguments": {},
          "type": {
            "type": "named",
            "name": "Int"
          }
        },
        "ArtistId": {
          "arguments": {},
          "type": {
            "type": "named",
            "name": "Int"
          }
        },
        "Title": {
          "arguments": {},
          "type": {
            "type": "named",
            "name": "String"
          }
        }
      }
    },
    "Artist": {
      "fields": {
        "ArtistId": {
          "arguments": {},
          "type": {
            "type": "named",
            "name": "Int"
          }
        },
        "Name": {
          "arguments": {},
          "type": {
            "type": "named",
            "name": "String"
          }
        }
      }
    },
    "Customer": {
      "fields": {
        "Address": {
          "arguments": {},
          "type": {
            "type": "named",
            "name": "String"
          }
        },
        "City": {
          "arguments": {},
          "type": {
            "type": "named",
            "name": "String"
          }
        },
        "Company": {
          "arguments": {},
          "type": {
            "type": "named",
            "name": "String"
          }
        },
        "Country": {
          "arguments": {},
          "type": {
            "type": "named",
            "name": "String"
          }
        },
        "CustomerId": {
          "arguments": {},
          "type": {
            "type": "named",
            "name": "Int"
          }
        },
        "Email": {
          "arguments": {},
          "type": {
            "type": "named",
            "name": "String"
          }
        },
        "Fax": {
          "arguments": {},
          "type": {
            "type": "named",
            "name": "String"
          }
        },
        "FirstName": {
          "arguments": {},
          "type": {
            "type": "named",
            "name": "String"
          }
        },
        "LastName": {
          "arguments": {},
          "type": {
            "type": "named",
            "name": "String"
          }
        },
        "Phone": {
          "arguments": {},
          "type": {
            "type": "named",
            "name": "String"
          }
        },
        "PostalCode": {
          "arguments": {},
          "type": {
            "type": "named",
            "name": "String"
          }
        },
        "State": {
          "arguments": {},
          "type": {
            "type": "named",
            "name": "String"
          }
        },
        "SupportRepId": {
          "arguments": {},
          "type": {
            "type": "named",
            "name": "Int"
          }
        }
      }
    },
    "Employee": {
      "fields": {
        "Address": {
          "arguments": {},
          "type": {
            "type": "named",
            "name": "String"
          }
        },
        "BirthDate": {
          "arguments": {},
          "type": {
            "type": "named",
            "name": "any"
          }
        },
        "City": {
          "arguments": {},
          "type": {
            "type": "named",
            "name": "String"
          }
        },
        "Country": {
          "arguments": {},
          "type": {
            "type": "named",
            "name": "String"
          }
        },
        "Email": {
          "arguments": {},
          "type": {
            "type": "named",
            "name": "String"
          }
        },
        "EmployeeId": {
          "arguments": {},
          "type": {
            "type": "named",
            "name": "Int"
          }
        },
        "Fax": {
          "arguments": {},
          "type": {
            "type": "named",
            "name": "String"
          }
        },
        "FirstName": {
          "arguments": {},
          "type": {
            "type": "named",
            "name": "String"
          }
        },
        "HireDate": {
          "arguments": {},
          "type": {
            "type": "named",
            "name": "any"
          }
        },
        "LastName": {
          "arguments": {},
          "type": {
            "type": "named",
            "name": "String"
          }
        },
        "Phone": {
          "arguments": {},
          "type": {
            "type": "named",
            "name": "String"
          }
        },
        "PostalCode": {
          "arguments": {},
          "type": {
            "type": "named",
            "name": "String"
          }
        },
        "ReportsTo": {
          "arguments": {},
          "type": {
            "type": "named",
            "name": "Int"
          }
        },
        "State": {
          "arguments": {},
          "type": {
            "type": "named",
            "name": "String"
          }
        },
        "Title": {
          "arguments": {},
          "type": {
            "type": "named",
            "name": "String"
          }
        }
      }
    },
    "Genre": {
      "fields": {
        "GenreId": {
          "arguments": {},
          "type": {
            "type": "named",
            "name": "Int"
          }
        },
        "Name": {
          "arguments": {},
          "type": {
            "type": "named",
            "name": "String"
          }
        }
      }
    },
    "Invoice": {
      "fields": {
        "BillingAddress": {
          "arguments": {},
          "type": {
            "type": "named",
            "name": "String"
          }
        },
        "BillingCity": {
          "arguments": {},
          "type": {
            "type": "named",
            "name": "String"
          }
        },
        "BillingCountry": {
          "arguments": {},
          "type": {
            "type": "named",
            "name": "String"
          }
        },
        "BillingPostalCode": {
          "arguments": {},
          "type": {
            "type": "named",
            "name": "String"
          }
        },
        "BillingState": {
          "arguments": {},
          "type": {
            "type": "named",
            "name": "String"
          }
        },
        "CustomerId": {
          "arguments": {},
          "type": {
            "type": "named",
            "name": "Int"
          }
        },
        "InvoiceDate": {
          "arguments": {},
          "type": {
            "type": "named",
            "name": "any"
          }
        },
        "InvoiceId": {
          "arguments": {},
          "type": {
            "type": "named",
            "name": "Int"
          }
        },
        "Total": {
          "arguments": {},
          "type": {
            "type": "named",
            "name": "Float"
          }
        }
      }
    },
    "InvoiceLine": {
      "fields": {
        "InvoiceId": {
          "arguments": {},
          "type": {
            "type": "named",
            "name": "Int"
          }
        },
        "InvoiceLineId": {
          "arguments": {},
          "type": {
            "type": "named",
            "name": "Int"
          }
        },
        "Quantity": {
          "arguments": {},
          "type": {
            "type": "named",
            "name": "Int"
          }
        },
        "TrackId": {
          "arguments": {},
          "type": {
            "type": "named",
            "name": "Int"
          }
        },
        "UnitPrice": {
          "arguments": {},
          "type": {
            "type": "named",
            "name": "Float"
          }
        }
      }
    },
    "MediaType": {
      "fields": {
        "MediaTypeId": {
          "arguments": {},
          "type": {
            "type": "named",
            "name": "Int"
          }
        },
        "Name": {
          "arguments": {},
          "type": {
            "type": "named",
            "name": "String"
          }
        }
      }
    },
    "Playlist": {
      "fields": {
        "Name": {
          "arguments": {},
          "type": {
            "type": "named",
            "name": "String"
          }
        },
        "PlaylistId": {
          "arguments": {},
          "type": {
            "type": "named",
            "name": "Int"
          }
        }
      }
    },
    "PlaylistTrack": {
      "fields": {
        "PlaylistId": {
          "arguments": {},
          "type": {
            "type": "named",
            "name": "Int"
          }
        },
        "TrackId": {
          "arguments": {},
          "type": {
            "type": "named",
            "name": "Int"
          }
        }
      }
    },
    "Track": {
      "fields": {
        "AlbumId": {
          "arguments": {},
          "type": {
            "type": "named",
            "name": "Int"
          }
        },
        "Bytes": {
          "arguments": {},
          "type": {
            "type": "named",
            "name": "Int"
          }
        },
        "Composer": {
          "arguments": {},
          "type": {
            "type": "named",
            "name": "String"
          }
        },
        "GenreId": {
          "arguments": {},
          "type": {
            "type": "named",
            "name": "Int"
          }
        },
        "MediaTypeId": {
          "arguments": {},
          "type": {
            "type": "named",
            "name": "Int"
          }
        },
        "Milliseconds": {
          "arguments": {},
          "type": {
            "type": "named",
            "name": "Int"
          }
        },
        "Name": {
          "arguments": {},
          "type": {
            "type": "named",
            "name": "String"
          }
        },
        "TrackId": {
          "arguments": {},
          "type": {
            "type": "named",
            "name": "Int"
          }
        },
        "UnitPrice": {
          "arguments": {},
          "type": {
            "type": "named",
            "name": "Float"
          }
        }
      }
    }
  },
  "collections": [
    {
      "name": "Album",
      "arguments": {},
      "type": "Album",
      "deletable": false,
      "uniqueness_constraints": {
        "PK_Album": {
          "unique_columns": [
            "AlbumId"
          ]
        }
      },
      "foreign_keys": {
        "FK_AlbumArtistId": {
          "column_mapping": {
            "ArtistId": "ArtistId"
          },
          "foreign_collection": "Artist"
        }
      }
    },
    {
      "name": "Artist",
      "arguments": {},
      "type": "Artist",
      "deletable": false,
      "uniqueness_constraints": {
        "PK_Artist": {
          "unique_columns": [
            "ArtistId"
          ]
        }
      },
      "foreign_keys": {}
    },
    {
      "name": "Customer",
      "arguments": {},
      "type": "Customer",
      "deletable": false,
      "uniqueness_constraints": {
        "PK_Customer": {
          "unique_columns": [
            "CustomerId"
          ]
        }
      },
      "foreign_keys": {
        "FK_CustomerSupportRepId": {
          "column_mapping": {
            "SupportRepId": "EmployeeId"
          },
          "foreign_collection": "Employee"
        }
      }
    },
    {
      "name": "Employee",
      "arguments": {},
      "type": "Employee",
      "deletable": false,
      "uniqueness_constraints": {
        "PK_Employee": {
          "unique_columns": [
            "EmployeeId"
          ]
        }
      },
      "foreign_keys": {
        "FK_EmployeeReportsTo": {
          "column_mapping": {
            "ReportsTo": "EmployeeId"
          },
          "foreign_collection": "Employee"
        }
      }
    },
    {
      "name": "Genre",
      "arguments": {},
      "type": "Genre",
      "deletable": false,
      "uniqueness_constraints": {
        "PK_Genre": {
          "unique_columns": [
            "GenreId"
          ]
        }
      },
      "foreign_keys": {}
    },
    {
      "name": "Invoice",
      "arguments": {},
      "type": "Invoice",
      "deletable": false,
      "uniqueness_constraints": {
        "PK_Invoice": {
          "unique_columns": [
            "InvoiceId"
          ]
        }
      },
      "foreign_keys": {
        "FK_InvoiceCustomerId": {
          "column_mapping": {
            "CustomerId": "CustomerId"
          },
          "foreign_collection": "Customer"
        }
      }
    },
    {
      "name": "InvoiceLine",
      "arguments": {},
      "type": "InvoiceLine",
      "deletable": false,
      "uniqueness_constraints": {
        "PK_InvoiceLine": {
          "unique_columns": [
            "InvoiceLineId"
          ]
        }
      },
      "foreign_keys": {
        "FK_InvoiceLineInvoiceId": {
          "column_mapping": {
            "InvoiceId": "InvoiceId"
          },
          "foreign_collection": "Invoice"
        },
        "FK_InvoiceLineTrackId": {
          "column_mapping": {
            "TrackId": "TrackId"
          },
          "foreign_collection": "Track"
        }
      }
    },
    {
      "name": "MediaType",
      "arguments": {},
      "type": "MediaType",
      "deletable": false,
      "uniqueness_constraints": {
        "PK_MediaType": {
          "unique_columns": [
            "MediaTypeId"
          ]
        }
      },
      "foreign_keys": {}
    },
    {
      "name": "Playlist",
      "arguments": {},
      "type": "Playlist",
      "deletable": false,
      "uniqueness_constraints": {
        "PK_Playlist": {
          "unique_columns": [
            "PlaylistId"
          ]
        }
      },
      "foreign_keys": {}
    },
    {
      "name": "PlaylistTrack",
      "arguments": {},
      "type": "PlaylistTrack",
      "deletable": false,
      "uniqueness_constraints": {
        "PK_PlaylistTrack": {
          "unique_columns": [
            "PlaylistId",
            "TrackId"
          ]
        }
      },
      "foreign_keys": {
        "FK_PlaylistTrackPlaylistId": {
          "column_mapping": {
            "PlaylistId": "PlaylistId"
          },
          "foreign_collection": "Playlist"
        },
        "FK_PlaylistTrackTrackId": {
          "column_mapping": {
            "TrackId": "TrackId"
          },
          "foreign_collection": "Track"
        }
      }
    },
    {
      "name": "Track",
      "arguments": {},
      "type": "Track",
      "deletable": false,
      "uniqueness_constraints": {
        "PK_Track": {
          "unique_columns": [
            "TrackId"
          ]
        }
      },
      "foreign_keys": {
        "FK_TrackAlbumId": {
          "column_mapping": {
            "AlbumId": "AlbumId"
          },
          "foreign_collection": "Album"
        },
        "FK_TrackGenreId": {
          "column_mapping": {
            "GenreId": "GenreId"
          },
          "foreign_collection": "Genre"
        },
        "FK_TrackMediaTypeId": {
          "column_mapping": {
            "MediaTypeId": "MediaTypeId"
          },
          "foreign_collection": "MediaType"
        }
      }
    }
  ],
  "functions": [],
  "procedures": []
}
