---
source: crates/connectors/ndc-postgres/tests/query_tests.rs
expression: result
---
[
  {
    "aggregates": {
      "avg_artist_id": 3.0,
      "how_many_albums": 5,
      "how_many_artist_ids": 5,
      "how_many_distinct_artist_ids": 5,
      "max_artist_id": 5,
      "min_artist_id": 1
    }
  }
]
