---
source: crates/query-engine/translation/tests/tests.rs
expression: result
---
SELECT
  JSON_OBJECT('rows', ARRAY_AGG(universe_1)) AS universe
FROM
  (
    SELECT
      *
    FROM
      (
        SELECT
          Album_0.Title AS Title
        FROM
          public.Album AS Album_0
        WHERE
          NOT (Album_0.AlbumId IS NULL)
        LIMIT
          5 OFFSET 100
      ) AS rows_2
  ) AS universe_1

[]
