---
source: crates/query-engine/translation/tests/tests.rs
expression: result
---
SELECT
  JSON_OBJECT('rows', ARRAY_AGG(universe_5)) AS universe
FROM
  (
    SELECT
      *
    FROM
      (
        SELECT
          artist_0.Name AS title,
          RELATIONSHIP_albums_1.albums AS albums
        FROM
          public.Artist AS artist_0
          LEFT OUTER JOIN (
            SELECT
              JSON_OBJECT('rows', ARRAY_AGG(RELATIONSHIP_albums_1)) AS albums
            FROM
              (
                SELECT
                  *
                FROM
                  (
                    SELECT
                      album_2.Title AS title
                    FROM
                      public.Album AS album_2
                    WHERE
                      (
                        true
                        AND (artist_0.ArtistId = album_2.ArtistId)
                      )
                  ) AS rows_3
              ) AS RELATIONSHIP_albums_1
          ) AS RELATIONSHIP_albums_1 ON (true)
        WHERE
          EXISTS (
            SELECT
              1 AS one
            FROM
              public.Album AS album_4
            WHERE
              (
                (album_4.Title LIKE cast(@param1 as string))
                AND (artist_0.ArtistId = album_4.ArtistId)
              )
          )
      ) AS rows_6
  ) AS universe_5

[(1, String("Supernatural"))]
