---
source: crates/query-engine/translation/tests/tests.rs
expression: result
---
SELECT
  JSON_OBJECT('rows', ARRAY_AGG(universe_10)) AS universe
FROM
  (
    SELECT
      *
    FROM
      (
        SELECT
          Track_0.Name AS track,
          Track_0.AlbumId AS AlbumId,
          RELATIONSHIP_Album_1.Album AS Album
        FROM
          public.Track AS Track_0
          LEFT OUTER JOIN (
            SELECT
              JSON_OBJECT('rows', ARRAY_AGG(RELATIONSHIP_Album_1)) AS Album
            FROM
              (
                SELECT
                  *
                FROM
                  (
                    SELECT
                      Album_2.Title AS album,
                      RELATIONSHIP_Artist_3.Artist AS Artist
                    FROM
                      public.Album AS Album_2
                      LEFT OUTER JOIN (
                        SELECT
                          JSON_OBJECT('rows', ARRAY_AGG(RELATIONSHIP_Artist_3)) AS Artist
                        FROM
                          (
                            SELECT
                              *
                            FROM
                              (
                                SELECT
                                  Artist_4.Name AS artist,
                                  Artist_4.ArtistId AS ArtistId
                                FROM
                                  public.Artist AS Artist_4
                                WHERE
                                  (
                                    true
                                    AND (Album_2.ArtistId = Artist_4.ArtistId)
                                  )
                              ) AS rows_5
                          ) AS RELATIONSHIP_Artist_3
                      ) AS RELATIONSHIP_Artist_3 ON (true)
                    WHERE
                      (
                        true
                        AND (Track_0.AlbumId = Album_2.AlbumId)
                      )
                  ) AS rows_6
              ) AS RELATIONSHIP_Album_1
          ) AS RELATIONSHIP_Album_1 ON (true)
          INNER JOIN (
            SELECT
              *
            FROM
              public.Album AS BOOLEXP_Album_7
            WHERE
              (
                (
                  true
                  AND (BOOLEXP_Album_7.Title = cast(@param1 as string))
                )
                AND (Track_0.AlbumId = BOOLEXP_Album_7.AlbumId)
              )
          ) AS BOOLEXP_Album_7 ON ('true')
          INNER JOIN (
            SELECT
              *
            FROM
              public.Album AS BOOLEXP_Album_8
            WHERE
              (
                (
                  true
                  AND (BOOLEXP_Album_8.Title = cast(@param2 as string))
                )
                AND (Track_0.AlbumId = BOOLEXP_Album_8.AlbumId)
              )
          ) AS BOOLEXP_Album_8 ON ('true')
          INNER JOIN (
            SELECT
              *
            FROM
              public.Artist AS BOOLEXP_Artist_9
            WHERE
              (
                (
                  true
                  AND (BOOLEXP_Artist_9.Name = cast(@param3 as string))
                )
                AND (
                  BOOLEXP_Album_8.ArtistId = BOOLEXP_Artist_9.ArtistId
                )
              )
          ) AS BOOLEXP_Artist_9 ON ('true')
        WHERE
          (
            BOOLEXP_Album_7.AlbumId > BOOLEXP_Artist_9.ArtistId
          )
        ORDER BY
          Track_0.TrackId ASC
        LIMIT
          5
      ) AS rows_11
  ) AS universe_10

[(1, String("The album title (1)")), (2, String("The album title (2)")), (3, String("The Artist name"))]
