---
source: crates/query-engine/translation/tests/tests.rs
expression: result
---
SELECT
  JSON_OBJECT('rows', ARRAY_AGG(universe_7)) AS universe
FROM
  (
    SELECT
      *
    FROM
      (
        SELECT
          RELATIONSHIP_albums_1.albums AS albums,
          RELATIONSHIP_Albums_2.Albums AS Albums
        FROM
          public.Artist AS Artist_0
          LEFT OUTER JOIN (
            SELECT
              JSON_OBJECT('rows', ARRAY_AGG(RELATIONSHIP_albums_1)) AS albums
            FROM
              (
                SELECT
                  *
                FROM
                  (
                    SELECT
                      Album_3.Title AS title
                    FROM
                      public.Album AS Album_3
                    WHERE
                      (
                        true
                        AND (Artist_0.ArtistId = Album_3.ArtistId)
                      )
                  ) AS rows_4
              ) AS RELATIONSHIP_albums_1
          ) AS RELATIONSHIP_albums_1 ON (true)
          LEFT OUTER JOIN (
            SELECT
              JSON_OBJECT('rows', ARRAY_AGG(RELATIONSHIP_Albums_2)) AS Albums
            FROM
              (
                SELECT
                  *
                FROM
                  (
                    SELECT
                      Album_5.Title AS title
                    FROM
                      public.Album AS Album_5
                    WHERE
                      (
                        true
                        AND (Artist_0.ArtistId = Album_5.ArtistId)
                      )
                  ) AS rows_6
              ) AS RELATIONSHIP_Albums_2
          ) AS RELATIONSHIP_Albums_2 ON (true)
        LIMIT
          5
      ) AS rows_8
  ) AS universe_7

[]
