---
source: crates/query-engine/tests/tests.rs
expression: result
---
SELECT
  row_to_json("universe") AS "universe"
FROM
  (
    SELECT
      *
    FROM
      (
        SELECT
          coalesce(json_agg(row_to_json("rows")), '[]') AS "rows"
        FROM
          (
            SELECT
              "Album"."Title" AS "Title"
            FROM
              "public"."Album" AS "Album"
            WHERE
              NOT ("Album"."AlbumId" IS NULL)
            LIMIT
              5 OFFSET 100
          ) AS "rows"
      ) AS "rows"
  ) AS "universe"

[]
