---
source: crates/query-engine/translation/tests/tests.rs
expression: result
---
SELECT
  row_to_json("universe") AS "universe"
FROM
  (
    SELECT
      *
    FROM
      (
        SELECT
          coalesce(json_agg(row_to_json("rows")), '[]') AS "rows"
        FROM
          (
            SELECT
              "artist"."Name" AS "title",
              "%RELATIONSHIP_1_FOR_albums"."albums" AS "albums"
            FROM
              "public"."Artist" AS "artist"
              LEFT OUTER JOIN LATERAL (
                SELECT
                  row_to_json("%RELATIONSHIP_1_FOR_albums") AS "albums"
                FROM
                  (
                    SELECT
                      *
                    FROM
                      (
                        SELECT
                          coalesce(json_agg(row_to_json("rows")), '[]') AS "rows"
                        FROM
                          (
                            SELECT
                              "album"."Title" AS "title"
                            FROM
                              "public"."Album" AS "album"
                            WHERE
                              (
                                true
                                AND ("artist"."ArtistId" = "album"."ArtistId")
                              )
                          ) AS "rows"
                      ) AS "rows"
                  ) AS "%RELATIONSHIP_1_FOR_albums"
              ) AS "%RELATIONSHIP_1_FOR_albums" ON ('true')
            WHERE
              EXISTS (
                SELECT
                FROM
                  "public"."Album" AS "album"
                WHERE
                  (
                    ("album"."Title" LIKE $1)
                    AND ("artist"."ArtistId" = "album"."ArtistId")
                  )
              )
          ) AS "rows"
      ) AS "rows"
  ) AS "universe"

[(1, String("Supernatural"))]
