---
source: crates/query-engine/translation/tests/tests.rs
expression: result
---
SELECT
  JSON_OBJECT('rows', ARRAY_AGG(universe_1)) AS universe
FROM
  (
    SELECT
      *
    FROM
      (
        SELECT
          types_0.date AS date
        FROM
          public.types AS types_0
        WHERE
          (
            (
              (
                (
                  (
                    true
                    AND (types_0.date = cast(@param1 as date))
                  )
                  AND (
                    types_0.time = cast(@param2 as time without time zone)
                  )
                )
                AND (
                  types_0.timetz = cast(@param3 as time with time zone)
                )
              )
              AND (
                types_0.timestamp = cast(@param4 as timestamp without time zone)
              )
            )
            AND (
              types_0.timestamptz = cast(@param5 as timestamp with time zone)
            )
          )
      ) AS rows_2
  ) AS universe_1

[(1, String("2021-12-21")), (2, String("02:35:59")), (3, String("02:35:59-07")), (4, String("2013-11-03 02:35:59")), (5, String("2013-11-03 02:35:59-07"))]
