---
source: crates/query-engine/translation/tests/tests.rs
expression: result
---
WITH NATIVE_QUERY_artist_by_name_1 AS (
  SELECT
    *
  FROM
    public."Artist"
  WHERE
    "Name" = cast(@param1 as string)
)
SELECT
  JSON_OBJECT('rows', ARRAY_AGG(universe_2)) AS universe
FROM
  (
    SELECT
      *
    FROM
      (
        SELECT
          artist_by_name_0.ArtistId AS Id
        FROM
          NATIVE_QUERY_artist_by_name_1 AS artist_by_name_0
      ) AS rows_3
  ) AS universe_2

[(1, String("Rush"))]
