---
source: crates/query-engine/translation/tests/tests.rs
expression: result
---
SELECT
  JSON_OBJECT('rows', ARRAY_AGG(universe_4)) AS universe
FROM
  (
    SELECT
      *
    FROM
      (
        SELECT
          RELATIONSHIP_Albums_1.Albums AS Albums
        FROM
          public.Artist AS Artist_0
          LEFT OUTER JOIN (
            SELECT
              JSON_OBJECT('rows', ARRAY_AGG(RELATIONSHIP_Albums_1)) AS Albums
            FROM
              (
                SELECT
                  *
                FROM
                  (
                    SELECT
                      Album_2.Title AS title
                    FROM
                      public.Album AS Album_2
                    WHERE
                      (
                        true
                        AND (Artist_0.ArtistId = Album_2.ArtistId)
                      )
                  ) AS rows_3
              ) AS RELATIONSHIP_Albums_1
          ) AS RELATIONSHIP_Albums_1 ON (true)
        LIMIT
          5
      ) AS rows_5
  ) AS universe_4

[]
