---
source: crates/query-engine/translation/tests/tests.rs
expression: result
---
WITH NATIVE_QUERY_types_1 AS (
  SELECT
    cast(@param1 as date) as date,
    cast(@param2 as time without time zone) as time,
    cast(@param3 as time with time zone) as timetz,
    cast(@param4 as timestamp without time zone) as timestamp,
    cast(@param5 as timestamp with time zone) as timestamptz
)
SELECT
  JSON_OBJECT('rows', ARRAY_AGG(universe_2)) AS universe
FROM
  (
    SELECT
      *
    FROM
      (
        SELECT
          types_0.date AS date,
          types_0.time AS time,
          types_0.timetz AS timetz,
          types_0.timestamp AS timestamp,
          types_0.timestamptz AS timestamptz
        FROM
          NATIVE_QUERY_types_1 AS types_0
      ) AS rows_3
  ) AS universe_2

[(1, String("2021-12-21")), (2, String("02:35:59")), (3, String("02:35:59-07")), (4, String("2013-11-03 02:35:59")), (5, String("2013-11-03 02:35:59-07"))]
