---
source: crates/query-engine/tests/tests.rs
expression: result
---
SELECT
  row_to_json("universe") AS "universe"
FROM
  (
    SELECT
      *
    FROM
      (
        SELECT
          coalesce(json_agg(row_to_json("rows")), '[]') AS "rows"
        FROM
          (
            SELECT
              "Album"."AlbumId" AS "AlbumId"
            FROM
              "public"."Album" AS "Album"
            WHERE
              ("Album"."Title" IN ($1, $2))
          ) AS "rows"
      ) AS "rows"
  ) AS "universe"

[(1, String("Mozart: Chamber Music")), (2, String("Something else"))]
