---
source: crates/query-engine/tests/tests.rs
expression: result
---
SELECT row_to_json("universe") AS "universe" FROM (SELECT * FROM (SELECT coalesce(json_agg(row_to_json("rows")), '[]') AS "rows" FROM (SELECT "albums"."albums" AS "albums", "Albums"."Albums" AS "Albums" FROM "public"."Artist" AS "Artist" LEFT OUTER JOIN LATERAL (SELECT row_to_json("albums") AS "albums" FROM (SELECT * FROM (SELECT coalesce(json_agg(row_to_json("rows")), '[]') AS "rows" FROM (SELECT "Album"."Title" AS "title" FROM "public"."Album" AS "Album" WHERE (true AND ("Artist"."ArtistId" = "Album"."ArtistId"))) AS "rows") AS "rows") AS "albums") AS "albums" ON ('true')  LEFT OUTER JOIN LATERAL (SELECT row_to_json("Albums") AS "Albums" FROM (SELECT * FROM (SELECT coalesce(json_agg(row_to_json("rows")), '[]') AS "rows" FROM (SELECT "Album"."Title" AS "title" FROM "public"."Album" AS "Album" WHERE (true AND ("Artist"."ArtistId" = "Album"."ArtistId"))) AS "rows") AS "rows") AS "Albums") AS "Albums" ON ('true')  LIMIT 5) AS "rows") AS "rows") AS "universe"

[]
