---
source: crates/ndc-postgres/tests/explain_tests.rs
expression: result.details.query
---
EXPLAIN
SELECT
  row_to_json("universe") AS "universe"
FROM
  (
    SELECT
      *
    FROM
      (
        SELECT
          coalesce(json_agg(row_to_json("rows")), '[]') AS "rows"
        FROM
          (
            SELECT
              "Album"."Title" AS "Title"
            FROM
              "public"."Album" AS "Album"
            WHERE
              (
                true
                AND ("Album"."Title" NOT ILIKE $1)
              )
            LIMIT
              5
          ) AS "rows"
      ) AS "rows"
  ) AS "universe"
