---
source: crates/ndc-aurora/tests/query_tests.rs
expression: result
---
[
  {
    "rows": [
      {
        "Artist": {
          "rows": [
            {
              "Name": "Aaron Copland & London Symphony Orchestra"
            }
          ]
        },
        "Name": "A Copland Celebration, Vol. I"
      },
      {
        "Artist": {
          "rows": [
            {
              "Name": "Aaron Goldberg"
            }
          ]
        },
        "Name": "Worlds"
      },
      {
        "Artist": {
          "rows": [
            {
              "Name": "Academy of St. Martin in the Fields Chamber Ensemble & Sir Neville Marriner"
            }
          ]
        },
        "Name": "Sir Neville Marriner: A Celebration"
      },
      {
        "Artist": {
          "rows": [
            {
              "Name": "Academy of St. Martin in the Fields, John Birch, Sir Neville Marriner & Sylvia McNair"
            }
          ]
        },
        "Name": "Fauré: Requiem, Ravel: Pavane & Others"
      },
      {
        "Artist": {
          "rows": [
            {
              "Name": "Academy of St. Martin in the Fields & Sir Neville Marriner"
            }
          ]
        },
        "Name": "The World of Classical Favourites"
      }
    ]
  }
]
